// Jest Snapshot v1, https://goo.gl/fbAQLP

exports[`Default Wallet should render correctly 1`] = `ShallowWrapper {}`;
