// Jest Snapshot v1, https://goo.gl/fbAQLP

exports[`Feedback should render correctly 1`] = `ShallowWrapper {}`;
